<ExpressionList>
    <LiteralInteger>1</LiteralInteger>
    <ExpressionList>
        <LiteralInteger>2</LiteralInteger>
        <LiteralInteger>3</LiteralInteger>
    </ExpressionList>
</ExpressionList>
