<ExpressionList>
    <LiteralInteger>1</LiteralInteger>
    <LiteralInteger>2</LiteralInteger>
</ExpressionList>
