<Call>
    <Identifier>foo</Identifier>
    <ArgumentList>
        <Function>
            <Binary operator="+">
                <LiteralInteger>1</LiteralInteger>
                <LiteralInteger>1</LiteralInteger>
            </Binary>
        </Function>
    </ArgumentList>
</Call>
