<Call>
    <Identifier>doSomeStuff</Identifier>
</Call>
