<Call>
    <Identifier>foo</Identifier>
    <ArgumentList>
        <LiteralInteger>3</LiteralInteger>
    </ArgumentList>
</Call>
