<Unary operator="--" postfix="true">
    <Unary operator="++" postfix="true">
        <Identifier>i</Identifier>
    </Unary>
</Unary>
