<Unary operator="++" postfix="true">
    <Identifier>i</Identifier>
</Unary>
