<SnowType>
    <Identifier>MyDelegate</Identifier>
    <TypeFunction>
        <Identifier>string</Identifier>
    </TypeFunction>
</SnowType>
