<Tuple>
    <Identifier>a</Identifier>
    <Function>
    </Function>
</Tuple>
