<Tuple>
    <LiteralInteger>1</LiteralInteger>
    <LiteralInteger>2</LiteralInteger>
    <LiteralInteger>3</LiteralInteger>
</Tuple>
