<SnowClass>
    <Identifier>Foo</Identifier>
</SnowClass>
