<Function name="foo">
    <LiteralInteger>3</LiteralInteger>
</Function>
