<Definition>
    <Identifier>a</Identifier>
    <TypeGeneric>
        <Identifier>List</Identifier>
        <Identifier>int</Identifier>
    </TypeGeneric>
    <Identifier>aListFromSomewhere</Identifier>
</Definition>
