<Definition>
    <Identifier>a</Identifier>
    <Identifier>int</Identifier>
    <LiteralInteger>3</LiteralInteger>
</Definition>
