<PrimitiveOperation>
    <Identifier>add</Identifier>
    <Identifier>a</Identifier>
    <LiteralInteger>1</LiteralInteger>
</PrimitiveOperation>
