<PrimitiveOperation>
    <Identifier>add</Identifier>
    <Identifier>a</Identifier>
    <PrimitiveOperation>
        <Identifier>mul</Identifier>
        <LiteralInteger>4</LiteralInteger>
        <Identifier>e</Identifier>
    </PrimitiveOperation>
</PrimitiveOperation>
