<PrimitiveOperation>
    <Identifier>neg</Identifier>
    <ArgumentList>
        <LiteralInteger>3</LiteralInteger>
    </ArgumentList>
</PrimitiveOperation>
