<Binary operator="[">
    <Identifier>a</Identifier>
    <LiteralInteger>0</LiteralInteger>
</Binary>
