<Binary operator=".">
    <Identifier>a</Identifier>
    <Identifier>property</Identifier>
</Binary>
