<Binary operator="+">
    <LiteralInteger>12</LiteralInteger>
    <Binary operator="+">
        <LiteralString>"12"</LiteralString>
        <LiteralInteger>3</LiteralInteger>
    </Binary>
</Binary>
