<SnowType>
    <Identifier>ATuple</Identifier>
    <TypeTuple>
        <Identifier>int</Identifier>
        <Identifier>string</Identifier>
        <TypeArray>
            <Identifier>string</Identifier>
        </TypeArray>
    </TypeTuple>
</SnowType>
