<SnowType>
    <Identifier>StringAndInt</Identifier>
    <TypeTuple>
        <Identifier>String</Identifier>
        <Identifier>int</Identifier>
    </TypeTuple>
</SnowType>
