<SnowType>
    <Identifier>IFoo</Identifier>
    <Identifier>int</Identifier>
</SnowType>
