<If>
    <Binary operator="==">
        <Identifier>a</Identifier>
        <LiteralInteger>1</LiteralInteger>
    </Binary>
    <LiteralInteger>2</LiteralInteger>
    <LiteralInteger>3</LiteralInteger>
</If>
