<If>
    <Binary operator="==">
        <Identifier>a</Identifier>
        <LiteralInteger>1</LiteralInteger>
    </Binary>
    <LiteralInteger>2</LiteralInteger>
    <If>
        <Binary operator="==">
            <Identifier>a</Identifier>
            <LiteralInteger>3</LiteralInteger>
        </Binary>
        <LiteralInteger>4</LiteralInteger>
        <LiteralInteger>5</LiteralInteger>
    </If>
</If>
